Microsemi Libero Software
Version: 11.9.6.7
Release: v11.9 SP6

Info: The design top.adb was last modified by software version 11.9.6.7.
Opened an existing design top.adb.
'BA_NAME' set to 'top_ba'
'IDE_DESIGNERVIEW_NAME' set to 'Impl1'
'IDE_DESIGNERVIEW_COUNT' set to '1'
'IDE_DESIGNERVIEW_REV0' set to 'Impl1'
'IDE_DESIGNERVIEW_REVNUM0' set to '1'
'IDE_DESIGNERVIEW_ROOTDIR' set to
'C:\Users\nikol\Documents\FinalYearProject\Final-Year-Project\FPGA\Current_Project\designer'
'IDE_DESIGNERVIEW_LASTREV' set to '1'

 Netlist Reading Time = 0.0 seconds
Imported the file:

C:\Users\nikol\Documents\FinalYearProject\Final-Year-Project\FPGA\Current_Project\synthesis\top\
.edn

The Import command succeeded ( 00:00:02 )
=====================================================================
Parameters used to run compile:
===============================

Family      : IGLOO
Device      : AGLN250V2
Package     : 100 VQFP
Source      :
C:\Users\nikol\Documents\FinalYearProject\Final-Year-Project\FPGA\Current_Project\synthesis\top\
.edn
Format      : EDIF
Topcell     : top
Speed grade : STD
Temp        : 0:25:70
Voltage     : 1.26:1.20:1.14

Keep Existing Physical Constraints : Yes
Keep Existing Timing Constraints   : Yes

pdc_abort_on_error                 : Yes
pdc_eco_display_unmatched_objects  : No
pdc_eco_max_warnings               : 10000

demote_globals                     : No
promote_globals                    : No
localclock_max_shared_instances    : 12
localclock_buffer_tree_max_fanout  : 12

combine_register                   : No
delete_buffer_tree                 : No

report_high_fanout_nets_limit      : 10

=====================================================================
Compile starts ...

Warning: CMP201: Net r_RX_Feature_Byte[1] drives no load.
Warning: CMP201: Net r_RX_Feature_Byte[2] drives no load.
Warning: CMP201: Net r_RX_Feature_Byte[3] drives no load.
Warning: CMP201: Net r_RX_Feature_Byte[4] drives no load.
Warning: CMP201: Net r_RX_Feature_Byte[5] drives no load.
Warning: CMP201: Net r_RX_Feature_Byte[6] drives no load.
Warning: CMP201: Net r_RX_Feature_Byte[7] drives no load.
Warning: CMP201: Net MEM_COMMAND_CONTROLLER/fifo_/RAM4K9_2_DOUTA0 drives no load.
Warning: CMP201: Net MEM_COMMAND_CONTROLLER/fifo_/RAM4K9_2_DOUTA1 drives no load.
Warning: CMP201: Net MEM_COMMAND_CONTROLLER/fifo_/RAM4K9_2_DOUTA2 drives no load.
Warning: CMP201: Net MEM_COMMAND_CONTROLLER/fifo_/RAM4K9_2_DOUTA3 drives no load.
Warning: CMP201: Net MEM_COMMAND_CONTROLLER/fifo_/RAM4K9_2_DOUTA4 drives no load.
Warning: CMP201: Net MEM_COMMAND_CONTROLLER/fifo_/RAM4K9_2_DOUTA5 drives no load.
Warning: CMP201: Net MEM_COMMAND_CONTROLLER/fifo_/RAM4K9_2_DOUTA6 drives no load.
Warning: CMP201: Net MEM_COMMAND_CONTROLLER/fifo_/RAM4K9_2_DOUTA7 drives no load.
Warning: CMP201: Net MEM_COMMAND_CONTROLLER/fifo_/RAM4K9_2_DOUTA8 drives no load.
Warning: CMP201: Net MEM_COMMAND_CONTROLLER/fifo_/RAM4K9_2_DOUTB8 drives no load.
Warning: CMP201: Net MEM_COMMAND_CONTROLLER/fifo_/RAM4K9_3_DOUTA0 drives no load.
Warning: CMP201: Net MEM_COMMAND_CONTROLLER/fifo_/RAM4K9_3_DOUTA1 drives no load.
Warning: CMP201: Net MEM_COMMAND_CONTROLLER/fifo_/RAM4K9_3_DOUTA2 drives no load.
Warning: CMP201: Net MEM_COMMAND_CONTROLLER/fifo_/RAM4K9_3_DOUTA3 drives no load.
Warning: CMP201: Net MEM_COMMAND_CONTROLLER/fifo_/RAM4K9_3_DOUTA4 drives no load.
Warning: CMP201: Net MEM_COMMAND_CONTROLLER/fifo_/RAM4K9_3_DOUTA5 drives no load.
Warning: CMP201: Net MEM_COMMAND_CONTROLLER/fifo_/RAM4K9_3_DOUTA6 drives no load.
Warning: CMP201: Net MEM_COMMAND_CONTROLLER/fifo_/RAM4K9_3_DOUTA7 drives no load.
Warning: CMP201: Net MEM_COMMAND_CONTROLLER/fifo_/RAM4K9_3_DOUTA8 drives no load.
Warning: CMP201: Net MEM_COMMAND_CONTROLLER/fifo_/RAM4K9_3_DOUTB8 drives no load.
Warning: CMP201: Net MEM_COMMAND_CONTROLLER/fifo_/RAM4K9_0_DOUTA0 drives no load.
Warning: CMP201: Net MEM_COMMAND_CONTROLLER/fifo_/RAM4K9_0_DOUTA1 drives no load.
Warning: CMP201: Net MEM_COMMAND_CONTROLLER/fifo_/RAM4K9_0_DOUTA2 drives no load.
Warning: CMP201: Net MEM_COMMAND_CONTROLLER/fifo_/RAM4K9_0_DOUTA3 drives no load.
Warning: CMP201: Net MEM_COMMAND_CONTROLLER/fifo_/RAM4K9_0_DOUTA4 drives no load.
Warning: CMP201: Net MEM_COMMAND_CONTROLLER/fifo_/RAM4K9_0_DOUTA5 drives no load.
Warning: CMP201: Net MEM_COMMAND_CONTROLLER/fifo_/RAM4K9_0_DOUTA6 drives no load.
Warning: CMP201: Net MEM_COMMAND_CONTROLLER/fifo_/RAM4K9_0_DOUTA7 drives no load.
Warning: CMP201: Net MEM_COMMAND_CONTROLLER/fifo_/RAM4K9_0_DOUTA8 drives no load.
Warning: CMP201: Net MEM_COMMAND_CONTROLLER/fifo_/RAM4K9_0_DOUTB8 drives no load.
Warning: CMP201: Net MEM_COMMAND_CONTROLLER/fifo_/RAM4K9_6_DOUTA0 drives no load.
Warning: CMP201: Net MEM_COMMAND_CONTROLLER/fifo_/RAM4K9_6_DOUTA1 drives no load.
Warning: CMP201: Net MEM_COMMAND_CONTROLLER/fifo_/RAM4K9_6_DOUTA2 drives no load.
Warning: CMP201: Net MEM_COMMAND_CONTROLLER/fifo_/RAM4K9_6_DOUTA3 drives no load.
Warning: CMP201: Net MEM_COMMAND_CONTROLLER/fifo_/RAM4K9_6_DOUTA4 drives no load.
Warning: CMP201: Net MEM_COMMAND_CONTROLLER/fifo_/RAM4K9_6_DOUTA5 drives no load.
Warning: CMP201: Net MEM_COMMAND_CONTROLLER/fifo_/RAM4K9_6_DOUTA6 drives no load.
Warning: CMP201: Net MEM_COMMAND_CONTROLLER/fifo_/RAM4K9_6_DOUTA7 drives no load.
Warning: CMP201: Net MEM_COMMAND_CONTROLLER/fifo_/RAM4K9_6_DOUTA8 drives no load.
Warning: CMP201: Net MEM_COMMAND_CONTROLLER/fifo_/RAM4K9_6_DOUTB8 drives no load.
Warning: CMP201: Net MEM_COMMAND_CONTROLLER/fifo_/RAM4K9_1_DOUTA0 drives no load.
Warning: CMP201: Net MEM_COMMAND_CONTROLLER/fifo_/RAM4K9_1_DOUTA1 drives no load.
Warning: CMP201: Net MEM_COMMAND_CONTROLLER/fifo_/RAM4K9_1_DOUTA2 drives no load.
Warning: CMP201: Net MEM_COMMAND_CONTROLLER/fifo_/RAM4K9_1_DOUTA3 drives no load.
Warning: CMP201: Net MEM_COMMAND_CONTROLLER/fifo_/RAM4K9_1_DOUTA4 drives no load.
Warning: CMP201: Net MEM_COMMAND_CONTROLLER/fifo_/RAM4K9_1_DOUTA5 drives no load.
Warning: CMP201: Net MEM_COMMAND_CONTROLLER/fifo_/RAM4K9_1_DOUTA6 drives no load.
Warning: CMP201: Net MEM_COMMAND_CONTROLLER/fifo_/RAM4K9_1_DOUTA7 drives no load.
Warning: CMP201: Net MEM_COMMAND_CONTROLLER/fifo_/RAM4K9_1_DOUTA8 drives no load.
Warning: CMP201: Net MEM_COMMAND_CONTROLLER/fifo_/RAM4K9_1_DOUTB8 drives no load.
Warning: CMP201: Net MEM_COMMAND_CONTROLLER/fifo_/RAM4K9_7_DOUTA0 drives no load.
Warning: CMP201: Net MEM_COMMAND_CONTROLLER/fifo_/RAM4K9_7_DOUTA1 drives no load.
Warning: CMP201: Net MEM_COMMAND_CONTROLLER/fifo_/RAM4K9_7_DOUTA2 drives no load.
Warning: CMP201: Net MEM_COMMAND_CONTROLLER/fifo_/RAM4K9_7_DOUTA3 drives no load.
Warning: CMP201: Net MEM_COMMAND_CONTROLLER/fifo_/RAM4K9_7_DOUTA4 drives no load.
Warning: CMP201: Net MEM_COMMAND_CONTROLLER/fifo_/RAM4K9_7_DOUTA5 drives no load.
Warning: CMP201: Net MEM_COMMAND_CONTROLLER/fifo_/RAM4K9_7_DOUTA6 drives no load.
Warning: CMP201: Net MEM_COMMAND_CONTROLLER/fifo_/RAM4K9_7_DOUTA7 drives no load.
Warning: CMP201: Net MEM_COMMAND_CONTROLLER/fifo_/RAM4K9_7_DOUTA8 drives no load.
Warning: CMP201: Net MEM_COMMAND_CONTROLLER/fifo_/RAM4K9_7_DOUTB8 drives no load.
Warning: CMP201: Net MEM_COMMAND_CONTROLLER/fifo_/RAM4K9_5_DOUTA0 drives no load.
Warning: CMP201: Net MEM_COMMAND_CONTROLLER/fifo_/RAM4K9_5_DOUTA1 drives no load.
Warning: CMP201: Net MEM_COMMAND_CONTROLLER/fifo_/RAM4K9_5_DOUTA2 drives no load.
Warning: CMP201: Net MEM_COMMAND_CONTROLLER/fifo_/RAM4K9_5_DOUTA3 drives no load.
Warning: CMP201: Net MEM_COMMAND_CONTROLLER/fifo_/RAM4K9_5_DOUTA4 drives no load.
Warning: CMP201: Net MEM_COMMAND_CONTROLLER/fifo_/RAM4K9_5_DOUTA5 drives no load.
Warning: CMP201: Net MEM_COMMAND_CONTROLLER/fifo_/RAM4K9_5_DOUTA6 drives no load.
Warning: CMP201: Net MEM_COMMAND_CONTROLLER/fifo_/RAM4K9_5_DOUTA7 drives no load.
Warning: CMP201: Net MEM_COMMAND_CONTROLLER/fifo_/RAM4K9_5_DOUTA8 drives no load.
Warning: CMP201: Net MEM_COMMAND_CONTROLLER/fifo_/RAM4K9_5_DOUTB8 drives no load.
Warning: CMP201: Net MEM_COMMAND_CONTROLLER/fifo_/RAM4K9_4_DOUTA0 drives no load.
Warning: CMP201: Net MEM_COMMAND_CONTROLLER/fifo_/RAM4K9_4_DOUTA1 drives no load.
Warning: CMP201: Net MEM_COMMAND_CONTROLLER/fifo_/RAM4K9_4_DOUTA2 drives no load.
Warning: CMP201: Net MEM_COMMAND_CONTROLLER/fifo_/RAM4K9_4_DOUTA3 drives no load.
Warning: CMP201: Net MEM_COMMAND_CONTROLLER/fifo_/RAM4K9_4_DOUTA4 drives no load.
Warning: CMP201: Net MEM_COMMAND_CONTROLLER/fifo_/RAM4K9_4_DOUTA5 drives no load.
Warning: CMP201: Net MEM_COMMAND_CONTROLLER/fifo_/RAM4K9_4_DOUTA6 drives no load.
Warning: CMP201: Net MEM_COMMAND_CONTROLLER/fifo_/RAM4K9_4_DOUTA7 drives no load.
Warning: CMP201: Net MEM_COMMAND_CONTROLLER/fifo_/RAM4K9_4_DOUTA8 drives no load.
Warning: CMP201: Net MEM_COMMAND_CONTROLLER/fifo_/RAM4K9_4_DOUTB8 drives no load.
Warning: CMP201: Net MEM_COMMAND_CONTROLLER/SPI_CS_Master/SPI_Master_Inst/r_TX_DV drives no
         load.
Warning: Top level port pb_sw1 is not connected to any IO pad

Netlist Optimization Report
===========================

Optimized macros:
  - Dangling net drivers:   8
  - Buffers:                0
  - Inverters:              0
  - Tieoff:                 36
  - Logic combining:        141

    Total macros optimized  185

There were 0 error(s) and 89 warning(s) in this design.
=====================================================================

Reading previous post-compile physical placement constraints.


There were 0 error(s) and 0 warning(s).

=====================================================================
Compile report:
===============

    CORE                       Used:   2041  Total:   6144   (33.22%)
    IO (W/ clocks)             Used:     21  Total:     68   (30.88%)
    GLOBAL (Chip+Quadrant)     Used:      3  Total:     18   (16.67%)
    PLL                        Used:      0  Total:      1   (0.00%)
    RAM/FIFO                   Used:      8  Total:      8   (100.00%)
    Low Static ICC             Used:      0  Total:      1   (0.00%)
    FlashROM                   Used:      0  Total:      1   (0.00%)
    User JTAG                  Used:      0  Total:      1   (0.00%)

Global Information:

    Type            | Used   | Total
    ----------------|--------|--------------
    Chip global     | 3      | 6  (50.00%)*
    Quadrant global | 0      | 12 (0.00%)

    (*) Chip globals may be assigned to Quadrant globals using the Multi-View Navigator (MVN)
        or Physical Design Constraints (PDC).
        They may also be assigned to Quadrant globals automatically during Layout.

Core Information:

    Type    | Instances    | Core tiles
    --------|--------------|-----------
    COMB    | 1618         | 1618
    SEQ     | 423          | 423

I/O Function:

    Type                                  | w/o register  | w/ register  | w/ DDR register
    --------------------------------------|---------------|--------------|----------------
    Input I/O                             | 4             | 0            | 0
    Output I/O                            | 17            | 0            | 0
    Bidirectional I/O                     | 0             | 0            | 0
    Differential Input I/O Pairs          | 0             | 0            | 0
    Differential Output I/O Pairs         | 0             | 0            | 0

I/O Technology:

                                    |   Voltages    |             I/Os
    --------------------------------|-------|-------|-------|--------|--------------
    I/O Standard(s)                 | Vcci  | Vref  | Input | Output | Bidirectional
    --------------------------------|-------|-------|-------|--------|--------------
    LVCMOS33                        | 3.30v | N/A   | 3     | 13     | 0
    LVCMOS18                        | 1.80v | N/A   | 1     | 4      | 0

I/O Placement:

    Locked  :  21 ( 100.00% )
    Placed  :   0
    UnPlaced:   0

Net information report:
=======================

The following nets have been assigned to a chip global resource:
    Fanout  Type          Name
    --------------------------
    435     CLK_NET       Net   : FPGA_CLK_c
                          Driver: clk_div_1M/clk_out_RNIOLD3
                          Source: NETLIST
    411     SET/RESET_NET Net   : rst_n_c
                          Driver: rst_n_pad
                          Source: NETLIST
    5       CLK_NET       Net   : CLKA_c
                          Driver: CLKA_pad
                          Source: NETLIST

High fanout nets in the post compile netlist:
    Fanout  Type          Name
    --------------------------
    24      INT_NET       Net   : un1_r_fifo_sm_4
                          Driver: MEM_COMMAND_CONTROLLER/SPI_CS_Master/r_CS_n_RNIKSHB9
    23      INT_NET       Net   : MEM_COMMAND_CONTROLLER/SPI_CS_Master/N_304_0
                          Driver: MEM_COMMAND_CONTROLLER/SPI_CS_Master/r_SM_CS_RNIOCJI[0]
    22      INT_NET       Net   : MEM_COMMAND_CONTROLLER/UART_Master/UART_CORE_0/baud_clock
                          Driver:
MEM_COMMAND_CONTROLLER/UART_Master/UART_CORE_0/make_CLOCK_GEN/genblk1.baud_clock_int
    21      INT_NET       Net   : MEM_COMMAND_CONTROLLER/SPI_CS_Master/int_SPI_CS_n
                          Driver: MEM_COMMAND_CONTROLLER/SPI_CS_Master/r_CS_n
    19      INT_NET       Net   : MEM_VCC_c_c
                          Driver: r_Mem_Power
    18      INT_NET       Net   : FIFO_TRIG_WR_c
                          Driver: r_fifo_sm[5]
    18      INT_NET       Net   : MEM_COMMAND_CONTROLLER/command[4]
                          Driver: MEM_COMMAND_CONTROLLER/current_command.command[4]
    18      INT_NET       Net   : MEM_COMMAND_CONTROLLER/SPI_CS_Master/N_36_0
                          Driver: MEM_COMMAND_CONTROLLER/SPI_CS_Master/r_SM_CS_RNIGMF04[0]
    18      INT_NET       Net   : MEM_COMMAND_CONTROLLER/SPI_CS_Master/N_36
                          Driver: MEM_COMMAND_CONTROLLER/SPI_CS_Master/r_SM_CS_RNIGMF04_0[0]
    17      INT_NET       Net   : r_Master_CM_DV
                          Driver: r_Master_CM_DV

Nets that are candidates for clock assignment and the resulting fanout:
    Fanout  Type          Name
    --------------------------
    32      INT_NET       Net   : MEM_COMMAND_CONTROLLER/fifo_/DFN1E1C0_1_Q
                          Driver: MEM_COMMAND_CONTROLLER/fifo_/DFN1E1C0_1
    24      INT_NET       Net   : un1_r_fifo_sm_4
                          Driver: MEM_COMMAND_CONTROLLER/SPI_CS_Master/r_CS_n_RNIKSHB9
    23      INT_NET       Net   : MEM_COMMAND_CONTROLLER/SPI_CS_Master/N_304_0
                          Driver: MEM_COMMAND_CONTROLLER/SPI_CS_Master/r_SM_CS_RNIOCJI[0]
    22      INT_NET       Net   : MEM_COMMAND_CONTROLLER/UART_Master/UART_CORE_0/baud_clock
                          Driver:
MEM_COMMAND_CONTROLLER/UART_Master/UART_CORE_0/make_CLOCK_GEN/genblk1.baud_clock_int
    21      INT_NET       Net   : MEM_COMMAND_CONTROLLER/SPI_CS_Master/int_SPI_CS_n
                          Driver: MEM_COMMAND_CONTROLLER/SPI_CS_Master/r_CS_n
    19      INT_NET       Net   : MEM_VCC_c_c
                          Driver: r_Mem_Power
    18      INT_NET       Net   : FIFO_TRIG_WR_c
                          Driver: r_fifo_sm[5]
    18      INT_NET       Net   : MEM_COMMAND_CONTROLLER/command[4]
                          Driver: MEM_COMMAND_CONTROLLER/current_command.command[4]
    18      INT_NET       Net   : MEM_COMMAND_CONTROLLER/SPI_CS_Master/N_36_0
                          Driver: MEM_COMMAND_CONTROLLER/SPI_CS_Master/r_SM_CS_RNIGMF04[0]
    18      INT_NET       Net   : MEM_COMMAND_CONTROLLER/SPI_CS_Master/N_36
                          Driver: MEM_COMMAND_CONTROLLER/SPI_CS_Master/r_SM_CS_RNIGMF04_0[0]
====================
Flash*Freeze report:
====================

The design does not use the Flash*Freeze feature.

====================

The Compile command succeeded ( 00:00:01 )
Wrote status report to file: top_compile_report.txt

The Report command succeeded ( 00:00:00 )
Wrote pin report to file: top_report_pin_byname.txt

The Report command succeeded ( 00:00:01 )
Wrote pin report to file: top_report_pin_bynumber.txt

The Report command succeeded ( 00:00:01 )
Design saved to file
C:\Users\nikol\Documents\FinalYearProject\Final-Year-Project\FPGA\Current_Project\designer\impl\
1\top.adb.

The Execute Script command succeeded ( 00:00:06 )
Design closed.

